HI-TECH Software 8051-C Compiler V9.60

Linker command line:

--edf=C:\PROGRA~2\HI-TECH Software\HC51\lite\9.60\dat\en_msgs.txt \
  -h+Z:\Practica6.sym -z -Q8051AH -ol.obj -MZ:\Practica6.map -E1 \
  -ver=8051-C#V9.60 -ACODE=00h-0FFFh -pvectors=00h \
  -prbit=0/20h,rbss,rdata/CODE,irdata/CODE,idata/rbss -pbss=XDATA/idata \
  -pdata=CODE+100h -pconst=CODE+100h -pstrings=CODE+100h -pnvram=bss,heap \
  C:\Users\ALEXAN~1\AppData\Local\Temp\s8j4.obj Z:\main_0.obj \
  C:\PROGRA~2\HI-TECH Software\HC51\lite\9.60\lib\51--nsc.lib 

Object code version is 3.8

Machine type is 8051AH

Call graph:

*start1 size 0,0 offset 0
*    _main size 0,33 offset 0
*        _tput size 0,1 offset 33

		Name          Link     Load   Length Selector Space Scale
C:\Users\ALEXAN~1\AppData\Local\Temp\s8j4.obj
		vectors          0        0        3       0     0
		text            44       44       14       0     0
Z:\main_0.obj   data           100      100       1F     100     0
		text           11F      11F      128     100     0

C:\PROGRA~2\HI-TECH Software\HC51\lite\9.60\lib\51--nsc.lib
powerup.obj     text            58       58        3       0     0
str_cops.obj    text             3        3       41       0     0

COMMON          rbss            20       20       22      20     1

TOTAL		Name          Link     Load   Length
	CLASS	CODE     
		vectors          0        0        3
		data           100      100       1F
		text            44       44       14
		text           11F      11F      128
		text            58       58        3
		text             3        3       41

	CLASS	DATA     
		rbss            20       20       22

	CLASS	XDATA    

	CLASS	BITSEG   



SEGMENTS	Name		Load	Length	 Top	Selector    Space Class

		vectors         000000	00005B	00005B	       0       0  CODE    
		rbit            000020	000022	000042	      20       1  BITSEG  
		data            000100	000147	000247	     100       0  CODE    


UNUSED ADDRESS RANGES

	CODE             05B-0FF
	                 247-FFF

                                  Symbol Table

?a_main        rbss    020  ?a_tput        rbss    041
__Bbss         bss     042  __Bidata       idata   042
__Birdata      irdata  003  __Brbit        rbit    020
__Brdata       rdata   003  __Hbss         bss     042
__Hcode        code    042  __Hconst       const   100
__Hdata        data    11F  __Hheap        heap    042
__Hidata       idata   042  __Hirdata      irdata  042
__Hnvram       nvram   042  __Hrbit        rbit    000
__Hrbss        rbss    042  __Hrdata       rdata   042
__Hstrings     strings 100  __Htext        text    042
__Hvectors     vectors 003  __Lbss         bss     042
__Lcode        code    042  __Lconst       const   100
__Ldata        data    100  __Lheap        heap    042
__Lidata       idata   042  __Lirdata      irdata  042
__Lnvram       nvram   042  __Lrbit        rbit    000
__Lrbss        rbss    020  __Lrdata       rdata   042
__Lstrings     strings 100  __Ltext        text    042
__Lvectors     vectors 000  __S0           (abs)   247
_exit          text    055  _main          text    133
_tput          text    11F  intlevel0      (abs)   000
intlevel1      (abs)   000  powerup        text    058
small_model    (abs)   001  stack_internal (abs)   001
start          vectors 000  start1         text    044
str_copy       text    019  str_load       text    019
str_xcopy      text    003  strx_copy      text    019
strx_load      text    019  strx_xcopy     text    003
