

HI-TECH Software 8051 Macro Assembler V9.60                                Page 1
                                                       Wed Jun 08 19:38:36 2022

     1                           	psect	idata,class=DATA,space=1,limit=080h
     2                           	psect	irdata,class=DATA,limit=080h
     3                           	global	_main
     4                           	signat	_main,88
     5                           	global	stack_internal
     6                           	psect	text,class=CODE
     7                           	psect	text
     8                           	file	"D:\Other\Multisim11.0.2\Projects\Practica
                                 8\Practica8\main.c"
     9                           	line	34
    10  00003                     _main:
    11  00003  80 6C              	j	f1411
    12  00005                     f1410:
    13                           ;main.c: 33: void main ()
    14                           
    15                           ;main.c: 34: {
    16                           
    17                           ;	var   _a assigned to ?a_main+0
    18                           ;main.c: 35: int a = 0;
    19                           
    20                           	line	35
    21  00005  E4                 	clr	a
    22  00006  F5 20              	mov	?a_main+0,a
    23  00008  F5 21              	mov	?a_main+0+1,a
    24                           ;	var   _b assigned to ?a_main+2
    25                           ;main.c: 36: int b = 0;
    26                           
    27                           	line	36
    28  0000A  E4                 	clr	a
    29  0000B  F5 22              	mov	?a_main+2,a
    30  0000D  F5 23              	mov	?a_main+2+1,a
    31                           ;	var   _c assigned to ?a_main+4
    32                           ;main.c: 37: int c = 0;
    33                           
    34                           	line	37
    35  0000F  E4                 	clr	a
    36  00010  F5 24              	mov	?a_main+4,a
    37  00012  F5 25              	mov	?a_main+4+1,a
    38                           ;main.c: 38: while(1)
    39                           
    40                           	line	38
    41  00014                     l4:
    42                           ;main.c: 39: {
    43                           
    44                           ;main.c: 40: a = P0;
    45                           
    46                           	line	40
    47  00014  75 20  00          	mov	?a_main+0,#0
    48  00017  85 80 21           	mov	?a_main+0+1,080h
    49                           ;main.c: 41: b = P1;
    50                           
    51                           	line	41
    52  0001A  75 22  00          	mov	?a_main+2,#0
    53  0001D  85 90 23           	mov	?a_main+2+1,090h
    54                           ;main.c: 42: c = b * (1 + 0.7 * a / 255);
    55                           
    56                           	line	42
    57  00020  AC 22              	mov	r4,?a_main+2
    58  00022  AD 23              	mov	r5,?a_main+2+1
    59                           	global	awtof
    60  00024  12 045B            	call	awtof
    61  00027  8A 08              	mov	8,r2
    62  00029  8B 09              	mov	8+1,r3
    63  0002B  8C 0A              	mov	8+2,r4
    64  0002D  8D 0B              	mov	8+3,r5
    65  0002F  C0 08              	push	8
    66  00031  C0 09              	push	9
    67  00033  C0 0A              	push	10
    68  00035  C0 0B              	push	11
    69  00037  90 0100            	mov	dptr,#0+e1
    70                           	global	ldb_ltemp
    71  0003A  12 0099            	call	ldb_ltemp
    72  0003D  AC 20              	mov	r4,?a_main+0
    73  0003F  AD 21              	mov	r5,?a_main+0+1
    74                           	global	awtof
    75  00041  12 045B            	call	awtof
    76                           	global	flmul
    77  00044  12 028E            	lcall	flmul
    78  00047  90 0104            	mov	dptr,#0+e2
    79                           	global	ldb_ltemp
    80  0004A  12 0099            	call	ldb_ltemp
    81                           	global	fldiv
    82  0004D  12 0346            	lcall	fldiv
    83  00050  90 0108            	mov	dptr,#0+e3
    84                           	global	ldb_ltemp
    85  00053  12 0099            	call	ldb_ltemp
    86                           	global	fladd
    87  00056  12 0000            	lcall	fladd
    88  00059  D0 0B              	pop	11
    89  0005B  D0 0A              	pop	10
    90  0005D  D0 09              	pop	9
    91  0005F  D0 08              	pop	8
    92                           	global	flmul
    93  00061  12 028E            	lcall	flmul
    94                           	global	ftol
    95  00064  12 03EE            	lcall	ftol
    96  00067  8C 24              	mov	?a_main+4,r4
    97  00069  8D 25              	mov	?a_main+4+1,r5
    98                           ;main.c: 43: P2 = c;
    99                           
   100                           	line	43
   101  0006B  85 25  A0          	mov	0A0h,?a_main+4+1
   102                           	line	44
   103  0006E                     l3:
   104                           	line	38
   105  0006E  80 A4              	jmp	l4
   106  00070                     l5:
   107                           ;main.c: 44: }
   108                           
   109                           ;main.c: 45: }
   110                           
   111                           	line	45
   112  00070                     l2:
   113  00070  22                 	ret
   114  00071                     f1411:
   115  00071  80 92              	j	f1410
   116                           	FNSIZE	_main,6,0
   117                           	global	?a_main
   118  0000                     f1412	equ	0
   119  0000                     _A10	equ	162
   120  0000                     _A11	equ	163
   121  0000                     _A12	equ	164
   122  0000                     _A13	equ	165
   123  0000                     _A14	equ	166
   124  0000                     _A15	equ	167
   125  0000                     _A8	equ	160
   126  0000                     _A9	equ	161
   127  0000                     _AC	equ	214
   128  0000                     _ACC0	equ	224
   129  0000                     _ACC1	equ	225
   130  0000                     _ACC2	equ	226
   131  0000                     _ACC3	equ	227
   132  0000                     _ACC4	equ	228
   133  0000                     _ACC5	equ	229
   134  0000                     _ACC6	equ	230
   135  0000                     _ACC7	equ	231
   136  0000                     _AD0	equ	128
   137  0000                     _AD1	equ	129
   138  0000                     _AD2	equ	130
   139  0000                     _AD3	equ	131
   140  0000                     _AD4	equ	132
   141  0000                     _AD5	equ	133
   142  0000                     _AD6	equ	134
   143  0000                     _AD7	equ	135
   144  0000                     _B0	equ	240
   145  0000                     _B1	equ	241
   146  0000                     _B2	equ	242
   147  0000                     _B3	equ	243
   148  0000                     _B4	equ	244
   149  0000                     _B5	equ	245
   150  0000                     _B6	equ	246
   151  0000                     _B7	equ	247
   152  0000                     _CY	equ	215
   153  0000                     _EA	equ	175
   154  0000                     _ES	equ	172
   155  0000                     _ET0	equ	169
   156  0000                     _ET1	equ	171
   157  0000                     _EX0	equ	168
   158  0000                     _EX1	equ	170
   159  0000                     _F0	equ	213
   160  0000                     _IE0	equ	137
   161  0000                     _IE1	equ	139
   162  0000                     _INT0	equ	178
   163  0000                     _INT1	equ	179
   164  0000                     _IT0	equ	136
   165  0000                     _IT1	equ	138
   166  0000                     _OV	equ	210
   167  0000                     _P	equ	208
   168  0000                     _P00	equ	128
   169  0000                     _P01	equ	129
   170  0000                     _P02	equ	130
   171  0000                     _P03	equ	131
   172  0000                     _P04	equ	132
   173  0000                     _P05	equ	133
   174  0000                     _P06	equ	134
   175  0000                     _P07	equ	135
   176  0000                     _P10	equ	144
   177  0000                     _P11	equ	145
   178  0000                     _P12	equ	146
   179  0000                     _P13	equ	147
   180  0000                     _P14	equ	148
   181  0000                     _P15	equ	149
   182  0000                     _P16	equ	150
   183  0000                     _P17	equ	151
   184  0000                     _P20	equ	160
   185  0000                     _P21	equ	161
   186  0000                     _P22	equ	162
   187  0000                     _P23	equ	163
   188  0000                     _P24	equ	164
   189  0000                     _P25	equ	165
   190  0000                     _P26	equ	166
   191  0000                     _P27	equ	167
   192  0000                     _P30	equ	176
   193  0000                     _P31	equ	177
   194  0000                     _P32	equ	178
   195  0000                     _P33	equ	179
   196  0000                     _P34	equ	180
   197  0000                     _P35	equ	181
   198  0000                     _P36	equ	182
   199  0000                     _P37	equ	183
   200  0000                     _PS	equ	188
   201  0000                     _PT0	equ	185
   202  0000                     _PT1	equ	187
   203  0000                     _PX0	equ	184
   204  0000                     _PX1	equ	186
   205  0000                     _RB8	equ	154
   206  0000                     _RD	equ	183
   207  0000                     _REN	equ	156
   208  0000                     _RI	equ	152
   209  0000                     _RS0	equ	211
   210  0000                     _RS1	equ	212
   211  0000                     _RXD	equ	176
   212  0000                     _SM0	equ	159
   213  0000                     _SM1	equ	158
   214  0000                     _SM2	equ	157
   215  0000                     _T0	equ	180
   216  0000                     _T1	equ	181
   217  0000                     _TB8	equ	155
   218  0000                     _TF0	equ	141
   219  0000                     _TF1	equ	143
   220  0000                     _TI	equ	153
   221  0000                     _TR0	equ	140
   222  0000                     _TR1	equ	142
   223  0000                     _TXD	equ	177
   224  0000                     _WR	equ	182
   225  0000                     _ACC	equ	224
   226  0000                     _B	equ	240
   227  0000                     _DPH	equ	131
   228  0000                     _DPL	equ	130
   229  0000                     _IE	equ	168
   230  0000                     _IP	equ	184
   231  0000                     _P0	equ	128
   232  0000                     _P1	equ	144
   233  0000                     _P2	equ	160
   234  0000                     _P3	equ	176
   235  0000                     _PCON	equ	135
   236  0000                     _PSW	equ	208
   237  0000                     _SBUF	equ	153
   238  0000                     _SCON	equ	152
   239  0000                     _SP	equ	129
   240  0000                     _TCON	equ	136
   241  0000                     _TH0	equ	140
   242  0000                     _TH1	equ	141
   243  0000                     _TL0	equ	138
   244  0000                     _TL1	equ	139
   245  0000                     _TMOD	equ	137
   246  0000                     _ACC_BITS	equ	224
   247  0000                     _B_BITS	equ	240
   248  0000                     _IE_BITS	equ	168
   249  0000                     _IP_BITS	equ	184
   250  0000                     _P0_BITS	equ	128
   251  0000                     _P1_BITS	equ	144
   252  0000                     _P2_BITS	equ	160
   253  0000                     _P3_BITS	equ	176
   254  0000                     _PCON_BITS	equ	135
   255  0000                     _PSW_BITS	equ	208
   256  0000                     _SCON_BITS	equ	152
   257  0000                     _TCON_BITS	equ	136
   258  0000                     _TMOD_BITS	equ	137
   259                           	psect	data,class=CODE
   260                           	psect	data
   261  00100                     e1:	df	0.69999999999999996
   262                           	psect	data
   263  00104                     e2:	df	255.00000000000000
   264                           	psect	data
   265  00108                     e3:	df	1.0000000000000000


HI-TECH Software 8051 Macro Assembler V9.60                                Page 2
Symbol Table                                           Wed Jun 08 19:38:36 2022

       ?a_main 00020              e1 00100              e2 00104  
            e3 00108              _B 000F0              l2 00070  
            l3 0006E              l4 00014              l5 00070  
            _P 000D0             _B0 000F0             _B1 000F1  
           _B2 000F2             _B3 000F3             _B4 000F4  
           _B5 000F5             _B6 000F6             _A8 000A0  
           _B7 000F7             _A9 000A1             _F0 000D5  
           _AC 000D6             _EA 000AF             _P0 00080  
           _P1 00090             _P2 000A0             _P3 000B0  
           _IE 000A8             _T0 000B4             _T1 000B5  
           _ES 000AC             _CY 000D7             _IP 000B8  
           _RD 000B7             _RI 00098             _TI 00099  
           _PS 000BC             _OV 000D2             _SP 00081  
           _WR 000B6         _B_BITS 000F0            _A10 000A2  
          _A11 000A3            _A12 000A4            _A13 000A5  
          _A14 000A6            _A15 000A7            _AD0 00080  
          _AD1 00081            _AD2 00082            _AD3 00083  
          _AD4 00084            _AD5 00085            _AD6 00086  
          _AD7 00087            _ACC 000E0            _P00 00080  
          _P01 00081            _P10 00090            _P02 00082  
          _P11 00091            _P03 00083            _P20 000A0  
          _P12 00092            _P04 00084            _P21 000A1  
          _P13 00093            _P05 00085            _P30 000B0  
          _P22 000A2            _P14 00094            _P06 00086  
          _P31 000B1            _P23 000A3            _P15 00095  
          _P07 00087            _P32 000B2            _P24 000A4  
          _P16 00096            _P33 000B3            _P25 000A5  
          _P17 00097            _P34 000B4            _P26 000A6  
          _P35 000B5            _P27 000A7            _P36 000B6  
          _P37 000B7            _IE0 00089            _IE1 0008B  
          _ET0 000A9            _ET1 000AB            _EX0 000A8  
          _EX1 000AA            _DPH 00083            _DPL 00082  
          _IT0 00088            _IT1 0008A            _RB8 0009A  
          _TF0 0008D            _TB8 0009B            _TF1 0008F  
          _TH0 0008C            _TH1 0008D            _SM0 0009F  
          _SM1 0009E            _TL0 0008A            _SM2 0009D  
          _PT0 000B9            _TL1 0008B            _PT1 000BB  
          _RS0 000D3            _RS1 000D4            _REN 0009C  
          _PX0 000B8            _PX1 000BA            _TR0 0008C  
          _TR1 0008E            _RXD 000B0            _PSW 000D0  
          _TXD 000B1        _P0_BITS 00080        _P1_BITS 00090  
      _P2_BITS 000A0        _P3_BITS 000B0            ftol 003EE  
      _IE_BITS 000A8       _ACC_BITS 000E0        _IP_BITS 000B8  
         f1410 00005           f1411 00071           f1412 00000  
         _ACC0 000E0           _ACC1 000E1           _ACC2 000E2  
         _ACC3 000E3           _ACC4 000E4           _ACC5 000E5  
         _ACC6 000E6           _ACC7 000E7  stack_internal 00001  
         _INT0 000B2           _INT1 000B3           _PCON 00087  
         _SCON 00098           _SBUF 00099           _TCON 00088  
         _TMOD 00089           _main 00003       ldb_ltemp 00099  
         fladd 00000           fldiv 00346           flmul 0028E  
         awtof 0045B       _PSW_BITS 000D0      _PCON_BITS 00087  
    _SCON_BITS 00098      _TCON_BITS 00088      _TMOD_BITS 00089  
